2026-05-19 16:16:24.429 +03:00 [INF] : ========================================
2026-05-19 16:16:24.792 +03:00 [INF] : SARIFF API - DEVELOPMENT MODE
2026-05-19 16:16:24.801 +03:00 [INF] : ========================================
2026-05-19 16:17:27.033 +03:00 [INF] : ========================================
2026-05-19 16:17:27.424 +03:00 [INF] : SARIFF API - DEVELOPMENT MODE
2026-05-19 16:17:27.435 +03:00 [INF] : ========================================
2026-05-19 16:17:34.983 +03:00 [INF] Microsoft.EntityFrameworkCore.Database.Command: Executed DbCommand (215ms) [Parameters=[], CommandType='"Text"', CommandTimeout='30']
SELECT EXISTS (
    SELECT 1 FROM pg_catalog.pg_class c
    JOIN pg_catalog.pg_namespace n ON n.oid=c.relnamespace
    WHERE n.nspname='public' AND
          c.relname='__EFMigrationsHistory'
)
2026-05-19 16:17:35.099 +03:00 [INF] Microsoft.EntityFrameworkCore.Database.Command: Executed DbCommand (10ms) [Parameters=[], CommandType='"Text"', CommandTimeout='30']
SELECT EXISTS (
    SELECT 1 FROM pg_catalog.pg_class c
    JOIN pg_catalog.pg_namespace n ON n.oid=c.relnamespace
    WHERE n.nspname='public' AND
          c.relname='__EFMigrationsHistory'
)
2026-05-19 16:17:35.538 +03:00 [INF] Microsoft.EntityFrameworkCore.Database.Command: Executed DbCommand (44ms) [Parameters=[], CommandType='"Text"', CommandTimeout='30']
CREATE TABLE "__EFMigrationsHistory" (
    "MigrationId" character varying(150) NOT NULL,
    "ProductVersion" character varying(32) NOT NULL,
    CONSTRAINT "PK___EFMigrationsHistory" PRIMARY KEY ("MigrationId")
);
2026-05-19 16:17:35.607 +03:00 [INF] Microsoft.EntityFrameworkCore.Database.Command: Executed DbCommand (7ms) [Parameters=[], CommandType='"Text"', CommandTimeout='30']
SELECT EXISTS (
    SELECT 1 FROM pg_catalog.pg_class c
    JOIN pg_catalog.pg_namespace n ON n.oid=c.relnamespace
    WHERE n.nspname='public' AND
          c.relname='__EFMigrationsHistory'
)
2026-05-19 16:17:35.626 +03:00 [INF] Microsoft.EntityFrameworkCore.Database.Command: Executed DbCommand (6ms) [Parameters=[], CommandType='"Text"', CommandTimeout='30']
SELECT "MigrationId", "ProductVersion"
FROM "__EFMigrationsHistory"
ORDER BY "MigrationId";
2026-05-19 16:17:35.701 +03:00 [INF] Microsoft.EntityFrameworkCore.Migrations: Applying migration '20260519131632_AddTrustedDevices'.
2026-05-19 16:17:36.584 +03:00 [ERR] Microsoft.EntityFrameworkCore.Database.Command: Failed executing DbCommand (31ms) [Parameters=[], CommandType='"Text"', CommandTimeout='30']
CREATE TABLE "AdminIpWhitelists" (
    "Id" uuid NOT NULL,
    "IpAddress" text NOT NULL,
    "Description" text,
    "IsActive" boolean NOT NULL,
    "AddedByUserId" uuid NOT NULL,
    "CreatedAt" timestamp without time zone NOT NULL,
    "UpdatedAt" timestamp without time zone NOT NULL,
    "IsDeleted" boolean NOT NULL,
    CONSTRAINT "PK_AdminIpWhitelists" PRIMARY KEY ("Id")
);
2026-05-19 16:21:30.451 +03:00 [INF] : ========================================
2026-05-19 16:21:30.752 +03:00 [INF] : SARIFF API - DEVELOPMENT MODE
2026-05-19 16:21:30.761 +03:00 [INF] : ========================================
2026-05-19 16:21:41.651 +03:00 [INF] : ========================================
2026-05-19 16:21:41.676 +03:00 [INF] : SARIFF API - DEVELOPMENT MODE
2026-05-19 16:21:41.677 +03:00 [INF] : ========================================
2026-05-19 16:21:43.486 +03:00 [INF] Microsoft.EntityFrameworkCore.Database.Command: Executed DbCommand (132ms) [Parameters=[], CommandType='"Text"', CommandTimeout='30']
DROP DATABASE sariff_db WITH (FORCE);
2026-05-19 16:22:01.322 +03:00 [INF] : ========================================
2026-05-19 16:22:01.603 +03:00 [INF] : SARIFF API - DEVELOPMENT MODE
2026-05-19 16:22:01.613 +03:00 [INF] : ========================================
2026-05-19 16:22:07.476 +03:00 [INF] Microsoft.EntityFrameworkCore.Database.Command: Executed DbCommand (316ms) [Parameters=[], CommandType='"Text"', CommandTimeout='30']
CREATE DATABASE sariff_db;
2026-05-19 16:22:07.861 +03:00 [INF] Microsoft.EntityFrameworkCore.Database.Command: Executed DbCommand (11ms) [Parameters=[], CommandType='"Text"', CommandTimeout='30']
CREATE TABLE "__EFMigrationsHistory" (
    "MigrationId" character varying(150) NOT NULL,
    "ProductVersion" character varying(32) NOT NULL,
    CONSTRAINT "PK___EFMigrationsHistory" PRIMARY KEY ("MigrationId")
);
2026-05-19 16:22:08.038 +03:00 [INF] Microsoft.EntityFrameworkCore.Database.Command: Executed DbCommand (120ms) [Parameters=[], CommandType='"Text"', CommandTimeout='30']
SELECT EXISTS (
    SELECT 1 FROM pg_catalog.pg_class c
    JOIN pg_catalog.pg_namespace n ON n.oid=c.relnamespace
    WHERE n.nspname='public' AND
          c.relname='__EFMigrationsHistory'
)
2026-05-19 16:22:08.050 +03:00 [INF] Microsoft.EntityFrameworkCore.Database.Command: Executed DbCommand (4ms) [Parameters=[], CommandType='"Text"', CommandTimeout='30']
SELECT "MigrationId", "ProductVersion"
FROM "__EFMigrationsHistory"
ORDER BY "MigrationId";
2026-05-19 16:22:08.107 +03:00 [INF] Microsoft.EntityFrameworkCore.Migrations: Applying migration '20260519131632_AddTrustedDevices'.
2026-05-19 16:22:08.595 +03:00 [INF] Microsoft.EntityFrameworkCore.Database.Command: Executed DbCommand (21ms) [Parameters=[], CommandType='"Text"', CommandTimeout='30']
CREATE TABLE "AdminIpWhitelists" (
    "Id" uuid NOT NULL,
    "IpAddress" text NOT NULL,
    "Description" text,
    "IsActive" boolean NOT NULL,
    "AddedByUserId" uuid NOT NULL,
    "CreatedAt" timestamp without time zone NOT NULL,
    "UpdatedAt" timestamp without time zone NOT NULL,
    "IsDeleted" boolean NOT NULL,
    CONSTRAINT "PK_AdminIpWhitelists" PRIMARY KEY ("Id")
);
2026-05-19 16:22:08.611 +03:00 [INF] Microsoft.EntityFrameworkCore.Database.Command: Executed DbCommand (14ms) [Parameters=[], CommandType='"Text"', CommandTimeout='30']
CREATE TABLE "AuditLogs" (
    "Id" uuid NOT NULL,
    "CompanyId" uuid,
    "UserId" uuid,
    "UserRole" integer,
    "Action" integer NOT NULL,
    "EntityType" text NOT NULL,
    "EntityId" uuid,
    "OldValues" text,
    "NewValues" text,
    "IpAddress" text,
    "UserAgent" text,
    "CreatedAt" timestamp without time zone NOT NULL,
    "UpdatedAt" timestamp without time zone NOT NULL,
    "IsDeleted" boolean NOT NULL,
    CONSTRAINT "PK_AuditLogs" PRIMARY KEY ("Id")
);
2026-05-19 16:22:08.638 +03:00 [INF] Microsoft.EntityFrameworkCore.Database.Command: Executed DbCommand (25ms) [Parameters=[], CommandType='"Text"', CommandTimeout='30']
CREATE TABLE "BankAccounts" (
    "Id" uuid NOT NULL,
    "Code" character varying(20) NOT NULL,
    "CompanyId" uuid NOT NULL,
    "BankName" character varying(100) NOT NULL,
    "AccountNumber" character varying(50) NOT NULL,
    "AccountName" character varying(255) NOT NULL,
    "BranchCode" text,
    "Currency" integer NOT NULL,
    "Balance" numeric(18,2) NOT NULL,
    "OpeningBalance" numeric(18,2) NOT NULL,
    "IsActive" boolean NOT NULL,
    "CreatedAt" timestamp without time zone NOT NULL,
    "UpdatedAt" timestamp without time zone NOT NULL,
    "IsDeleted" boolean NOT NULL,
    CONSTRAINT "PK_BankAccounts" PRIMARY KEY ("Id")
);
2026-05-19 16:22:08.652 +03:00 [INF] Microsoft.EntityFrameworkCore.Database.Command: Executed DbCommand (12ms) [Parameters=[], CommandType='"Text"', CommandTimeout='30']
CREATE TABLE "BlockedIPs" (
    "Id" uuid NOT NULL,
    "IpAddress" character varying(50) NOT NULL,
    "Reason" character varying(500) NOT NULL,
    "BlockedUntil" timestamp without time zone,
    "BlockedByUserId" uuid NOT NULL,
    "IsActive" boolean NOT NULL,
    "CreatedAt" timestamp without time zone NOT NULL,
    "UpdatedAt" timestamp without time zone NOT NULL,
    "IsDeleted" boolean NOT NULL,
    CONSTRAINT "PK_BlockedIPs" PRIMARY KEY ("Id")
);
2026-05-19 16:22:08.668 +03:00 [INF] Microsoft.EntityFrameworkCore.Database.Command: Executed DbCommand (13ms) [Parameters=[], CommandType='"Text"', CommandTimeout='30']
CREATE TABLE "CashAccounts" (
    "Id" uuid NOT NULL,
    "CompanyId" uuid NOT NULL,
    "Currency" integer NOT NULL,
    "Balance" numeric(18,2) NOT NULL,
    "OpeningBalance" numeric(18,2) NOT NULL,
    "IsActive" boolean NOT NULL,
    "Code" text NOT NULL,
    "CreatedAt" timestamp without time zone NOT NULL,
    "UpdatedAt" timestamp without time zone NOT NULL,
    "IsDeleted" boolean NOT NULL,
    CONSTRAINT "PK_CashAccounts" PRIMARY KEY ("Id")
);
2026-05-19 16:22:08.683 +03:00 [INF] Microsoft.EntityFrameworkCore.Database.Command: Executed DbCommand (13ms) [Parameters=[], CommandType='"Text"', CommandTimeout='30']
CREATE TABLE "ClientAlerts" (
    "Id" uuid NOT NULL,
    "ClientId" uuid NOT NULL,
    "CompanyId" uuid NOT NULL,
    "Type" character varying(20) NOT NULL,
    "Title" character varying(200) NOT NULL,
    "Message" character varying(1000) NOT NULL,
    "IsRead" boolean NOT NULL,
    "ReadAt" timestamp without time zone,
    "RelatedTransactionId" uuid,
    "CreatedAt" timestamp without time zone NOT NULL,
    "UpdatedAt" timestamp without time zone NOT NULL,
    "IsDeleted" boolean NOT NULL,
    CONSTRAINT "PK_ClientAlerts" PRIMARY KEY ("Id")
);
2026-05-19 16:22:08.698 +03:00 [INF] Microsoft.EntityFrameworkCore.Database.Command: Executed DbCommand (13ms) [Parameters=[], CommandType='"Text"', CommandTimeout='30']
CREATE TABLE "Companies" (
    "Id" uuid NOT NULL,
    "Code" character varying(20) NOT NULL,
    "Name" character varying(255) NOT NULL,
    "OwnerName" character varying(255) NOT NULL,
    "WhatsAppNumber" character varying(50) NOT NULL,
    "Email" character varying(255),
    "PasswordHash" text NOT NULL,
    "LogoUrl" text,
    "TaxId" text,
    "Website" text,
    "Address" text,
    "IsActive" boolean NOT NULL,
    "FailedLoginAttempts" integer NOT NULL,
    "LockedUntil" timestamp without time zone,
    "LastLoginAt" timestamp without time zone,
    "SubscriptionPlan" integer NOT NULL,
    "SubscriptionStatus" integer NOT NULL,
    "SubscriptionStartDate" timestamp without time zone,
    "SubscriptionExpiresAt" timestamp without time zone,
    "MonthlyFee" numeric(18,2) NOT NULL,
    "TotalPaid" numeric(18,2) NOT NULL,
    "LastPaymentDate" timestamp without time zone,
    "CreatedAt" timestamp without time zone NOT NULL,
    "UpdatedAt" timestamp without time zone NOT NULL,
    "IsDeleted" boolean NOT NULL,
    CONSTRAINT "PK_Companies" PRIMARY KEY ("Id")
);
2026-05-19 16:22:08.715 +03:00 [INF] Microsoft.EntityFrameworkCore.Database.Command: Executed DbCommand (15ms) [Parameters=[], CommandType='"Text"', CommandTimeout='30']
CREATE TABLE "DailyExchangeSummaries" (
    "Id" uuid NOT NULL,
    "CompanyId" uuid NOT NULL,
    "Date" timestamp without time zone NOT NULL,
    "OpeningKes" numeric(18,2) NOT NULL,
    "OpeningUsd" numeric(18,2) NOT NULL,
    "ClosingKes" numeric(18,2) NOT NULL,
    "ClosingUsd" numeric(18,2) NOT NULL,
    "ExchangeCount" integer NOT NULL,
    "KesVolumeIn" numeric(18,2) NOT NULL,
    "KesVolumeOut" numeric(18,2) NOT NULL,
    "UsdVolumeIn" numeric(18,2) NOT NULL,
    "UsdVolumeOut" numeric(18,2) NOT NULL,
    "KesProfit" numeric(18,2) NOT NULL,
    "UsdProfit" numeric(18,2) NOT NULL,
    "ActualKesCount" numeric(18,2),
    "ActualUsdCount" numeric(18,2),
    "KesVariance" numeric(18,2),
    "UsdVariance" numeric(18,2),
    "Notes" text,
    "IsClosed" boolean NOT NULL,
    "ClosedByUserId" uuid,
    "ClosedAt" timestamp without time zone,
    "CreatedAt" timestamp without time zone NOT NULL,
    "UpdatedAt" timestamp without time zone NOT NULL,
    "IsDeleted" boolean NOT NULL,
    CONSTRAINT "PK_DailyExchangeSummaries" PRIMARY KEY ("Id")
);
2026-05-19 16:22:08.726 +03:00 [INF] Microsoft.EntityFrameworkCore.Database.Command: Executed DbCommand (8ms) [Parameters=[], CommandType='"Text"', CommandTimeout='30']
CREATE TABLE "ExchangeFloats" (
    "Id" uuid NOT NULL,
    "CompanyId" uuid NOT NULL,
    "KesBalance" numeric(18,2) NOT NULL,
    "UsdBalance" numeric(18,2) NOT NULL,
    "KesProfit" numeric(18,2) NOT NULL,
    "UsdProfit" numeric(18,2) NOT NULL,
    "UsdTotalCost" numeric(18,2) NOT NULL,
    "UsdAverageCost" numeric(18,6) NOT NULL,
    "LastOpeningDate" timestamp without time zone,
    "LastOpeningKes" numeric(18,2),
    "LastOpeningUsd" numeric(18,2),
    "LowKesThreshold" numeric(18,2) NOT NULL,
    "LowUsdThreshold" numeric(18,2) NOT NULL,
    "LargeTransactionThreshold" numeric(18,2) NOT NULL,
    "CreatedAt" timestamp without time zone NOT NULL,
    "UpdatedAt" timestamp without time zone NOT NULL,
    "IsDeleted" boolean NOT NULL,
    CONSTRAINT "PK_ExchangeFloats" PRIMARY KEY ("Id")
);
2026-05-19 16:22:08.736 +03:00 [INF] Microsoft.EntityFrameworkCore.Database.Command: Executed DbCommand (8ms) [Parameters=[], CommandType='"Text"', CommandTimeout='30']
CREATE TABLE "ExchangeRates" (
    "Id" uuid NOT NULL,
    "CompanyId" uuid NOT NULL,
    "BuyRate" numeric(18,6) NOT NULL,
    "SellRate" numeric(18,6) NOT NULL,
    "EffectiveFrom" timestamp without time zone NOT NULL,
    "EffectiveTo" timestamp without time zone,
    "IsActive" boolean NOT NULL,
    "CreatedByUserId" uuid NOT NULL,
    "CreatedAt" timestamp without time zone NOT NULL,
    "UpdatedAt" timestamp without time zone NOT NULL,
    "IsDeleted" boolean NOT NULL,
    CONSTRAINT "PK_ExchangeRates" PRIMARY KEY ("Id")
);
2026-05-19 16:22:08.754 +03:00 [INF] Microsoft.EntityFrameworkCore.Database.Command: Executed DbCommand (16ms) [Parameters=[], CommandType='"Text"', CommandTimeout='30']
CREATE TABLE "ExchangeTransactions" (
    "Id" uuid NOT NULL,
    "Code" character varying(20) NOT NULL,
    "CompanyId" uuid NOT NULL,
    "TransactionDate" timestamp without time zone NOT NULL,
    "ClientId" uuid,
    "ClientName" text,
    "ClientIdNumber" text,
    "ExchangeType" integer NOT NULL,
    "Direction" integer NOT NULL,
    "AmountGiven" numeric(18,2) NOT NULL,
    "CurrencyGiven" integer NOT NULL,
    "AmountReceived" numeric(18,2) NOT NULL,
    "CurrencyReceived" integer NOT NULL,
    "ExchangeRate" numeric(18,6) NOT NULL,
    "Profit" numeric(18,2) NOT NULL,
    "ProfitCurrency" integer NOT NULL,
    "Status" text NOT NULL,
    "VoidReason" text,
    "Notes" text,
    "CreatedByUserId" uuid NOT NULL,
    "ClientSourceTransactionId" uuid,
    "ClientDestTransactionId" uuid,
    "CreatedAt" timestamp without time zone NOT NULL,
    "UpdatedAt" timestamp without time zone NOT NULL,
    "IsDeleted" boolean NOT NULL,
    CONSTRAINT "PK_ExchangeTransactions" PRIMARY KEY ("Id")
);
2026-05-19 16:22:08.771 +03:00 [INF] Microsoft.EntityFrameworkCore.Database.Command: Executed DbCommand (14ms) [Parameters=[], CommandType='"Text"', CommandTimeout='30']
CREATE TABLE "ExpenseCategories" (
    "Id" uuid NOT NULL,
    "CompanyId" uuid NOT NULL,
    "Name" character varying(100) NOT NULL,
    "Description" text,
    "IsActive" boolean NOT NULL,
    "CreatedAt" timestamp without time zone NOT NULL,
    "UpdatedAt" timestamp without time zone NOT NULL,
    "IsDeleted" boolean NOT NULL,
    CONSTRAINT "PK_ExpenseCategories" PRIMARY KEY ("Id")
);
2026-05-19 16:22:08.787 +03:00 [INF] Microsoft.EntityFrameworkCore.Database.Command: Executed DbCommand (14ms) [Parameters=[], CommandType='"Text"', CommandTimeout='30']
CREATE TABLE "Expenses" (
    "Id" uuid NOT NULL,
    "Code" character varying(30) NOT NULL,
    "CompanyId" uuid NOT NULL,
    "CategoryId" uuid NOT NULL,
    "Description" character varying(500) NOT NULL,
    "VendorPayee" text,
    "Amount" numeric(18,2) NOT NULL,
    "Currency" integer NOT NULL,
    "PaymentMethod" integer NOT NULL,
    "TransactionId" uuid,
    "PaymentAccountType" integer NOT NULL,
    "PaymentAccountId" uuid NOT NULL,
    "Reference" text,
    "ExpenseDate" timestamp without time zone NOT NULL,
    "CreatedByUserId" uuid NOT NULL,
    "CreatedAt" timestamp without time zone NOT NULL,
    "UpdatedAt" timestamp without time zone NOT NULL,
    "IsDeleted" boolean NOT NULL,
    CONSTRAINT "PK_Expenses" PRIMARY KEY ("Id")
);
2026-05-19 16:22:08.803 +03:00 [INF] Microsoft.EntityFrameworkCore.Database.Command: Executed DbCommand (12ms) [Parameters=[], CommandType='"Text"', CommandTimeout='30']
CREATE TABLE "FloatMovements" (
    "Id" uuid NOT NULL,
    "CompanyId" uuid NOT NULL,
    "ExchangeFloatId" uuid,
    "MovementDate" timestamp without time zone NOT NULL,
    "MovementType" integer NOT NULL,
    "Currency" integer NOT NULL,
    "Amount" numeric(18,2) NOT NULL,
    "BalanceBefore" numeric(18,2) NOT NULL,
    "BalanceAfter" numeric(18,2) NOT NULL,
    "Reference" text,
    "RelatedAccountType" integer,
    "RelatedAccountId" uuid,
    "Notes" text,
    "CreatedByUserId" uuid NOT NULL,
    "CreatedAt" timestamp without time zone NOT NULL,
    "UpdatedAt" timestamp without time zone NOT NULL,
    "IsDeleted" boolean NOT NULL,
    CONSTRAINT "PK_FloatMovements" PRIMARY KEY ("Id")
);
2026-05-19 16:22:08.819 +03:00 [INF] Microsoft.EntityFrameworkCore.Database.Command: Executed DbCommand (14ms) [Parameters=[], CommandType='"Text"', CommandTimeout='30']
CREATE TABLE "InvoiceItems" (
    "Id" uuid NOT NULL,
    "InvoiceId" uuid NOT NULL,
    "Description" text NOT NULL,
    "Quantity" numeric(18,4) NOT NULL,
    "UnitPrice" numeric(18,2) NOT NULL,
    "Amount" numeric(18,2) NOT NULL,
    "SortOrder" integer NOT NULL,
    "CreatedAt" timestamp without time zone NOT NULL,
    "UpdatedAt" timestamp without time zone NOT NULL,
    "IsDeleted" boolean NOT NULL,
    CONSTRAINT "PK_InvoiceItems" PRIMARY KEY ("Id")
);
2026-05-19 16:22:08.836 +03:00 [INF] Microsoft.EntityFrameworkCore.Database.Command: Executed DbCommand (15ms) [Parameters=[], CommandType='"Text"', CommandTimeout='30']
CREATE TABLE "Invoices" (
    "Id" uuid NOT NULL,
    "CompanyId" uuid NOT NULL,
    "InvoiceNumber" character varying(30) NOT NULL,
    "ClientId" uuid,
    "ClientName" text NOT NULL,
    "ClientEmail" text,
    "ClientPhone" text,
    "ClientAddress" text,
    "InvoiceDate" timestamp without time zone NOT NULL,
    "DueDate" timestamp without time zone NOT NULL,
    "Currency" integer NOT NULL,
    "Status" integer NOT NULL,
    "Subtotal" numeric(18,2) NOT NULL,
    "TaxRate" numeric(5,2) NOT NULL,
    "TaxAmount" numeric(18,2) NOT NULL,
    "DiscountAmount" numeric(18,2) NOT NULL,
    "Total" numeric(18,2) NOT NULL,
    "Notes" text,
    "Terms" text,
    "CreatedAt" timestamp without time zone NOT NULL,
    "UpdatedAt" timestamp without time zone NOT NULL,
    "IsDeleted" boolean NOT NULL,
    CONSTRAINT "PK_Invoices" PRIMARY KEY ("Id")
);
2026-05-19 16:22:08.855 +03:00 [INF] Microsoft.EntityFrameworkCore.Database.Command: Executed DbCommand (17ms) [Parameters=[], CommandType='"Text"', CommandTimeout='30']
CREATE TABLE "LoginHistories" (
    "Id" uuid NOT NULL,
    "CompanyId" uuid,
    "UserId" uuid,
    "UserRole" integer NOT NULL,
    "IpAddress" text NOT NULL,
    "UserAgent" text,
    "Location" text,
    "IsSuccessful" boolean NOT NULL,
    "FailureReason" text,
    "LoginAt" timestamp without time zone NOT NULL,
    "CreatedAt" timestamp without time zone NOT NULL,
    "UpdatedAt" timestamp without time zone NOT NULL,
    "IsDeleted" boolean NOT NULL,
    CONSTRAINT "PK_LoginHistories" PRIMARY KEY ("Id")
);
2026-05-19 16:22:08.874 +03:00 [INF] Microsoft.EntityFrameworkCore.Database.Command: Executed DbCommand (15ms) [Parameters=[], CommandType='"Text"', CommandTimeout='30']
CREATE TABLE "MpesaAgents" (
    "Id" uuid NOT NULL,
    "Code" character varying(20) NOT NULL,
    "CompanyId" uuid NOT NULL,
    "AgentName" character varying(100) NOT NULL,
    "PhoneNumber" character varying(50) NOT NULL,
    "AgentNumber" character varying(50) NOT NULL,
    "StoreNumber" text,
    "AgentType" integer NOT NULL,
    "Balance" numeric(18,2) NOT NULL,
    "OpeningBalance" numeric(18,2) NOT NULL,
    "IsActive" boolean NOT NULL,
    "CreatedAt" timestamp without time zone NOT NULL,
    "UpdatedAt" timestamp without time zone NOT NULL,
    "IsDeleted" boolean NOT NULL,
    CONSTRAINT "PK_MpesaAgents" PRIMARY KEY ("Id")
);
2026-05-19 16:22:08.890 +03:00 [INF] Microsoft.EntityFrameworkCore.Database.Command: Executed DbCommand (14ms) [Parameters=[], CommandType='"Text"', CommandTimeout='30']
CREATE TABLE "NotificationLogs" (
    "Id" uuid NOT NULL,
    "CompanyId" uuid,
    "UserId" uuid,
    "NotificationType" integer NOT NULL,
    "RecipientPhone" text NOT NULL,
    "MessageContent" text NOT NULL,
    "IsSent" boolean NOT NULL,
    "SentAt" timestamp without time zone,
    "ErrorMessage" text,
    "ProviderMessageId" text,
    "CreatedAt" timestamp without time zone NOT NULL,
    "UpdatedAt" timestamp without time zone NOT NULL,
    "IsDeleted" boolean NOT NULL,
    CONSTRAINT "PK_NotificationLogs" PRIMARY KEY ("Id")
);
2026-05-19 16:22:08.906 +03:00 [INF] Microsoft.EntityFrameworkCore.Database.Command: Executed DbCommand (14ms) [Parameters=[], CommandType='"Text"', CommandTimeout='30']
CREATE TABLE "OtpCodes" (
    "Id" uuid NOT NULL,
    "PhoneNumber" character varying(50) NOT NULL,
    "Code" character varying(10) NOT NULL,
    "UserCode" character varying(20),
    "Role" integer NOT NULL,
    "ExpiresAt" timestamp without time zone NOT NULL,
    "IsUsed" boolean NOT NULL,
    "AttemptCount" integer NOT NULL,
    "CreatedAt" timestamp without time zone NOT NULL,
    "UpdatedAt" timestamp without time zone NOT NULL,
    "IsDeleted" boolean NOT NULL,
    CONSTRAINT "PK_OtpCodes" PRIMARY KEY ("Id")
);
2026-05-19 16:22:08.924 +03:00 [INF] Microsoft.EntityFrameworkCore.Database.Command: Executed DbCommand (14ms) [Parameters=[], CommandType='"Text"', CommandTimeout='30']
CREATE TABLE "Reconciliations" (
    "Id" uuid NOT NULL,
    "CompanyId" uuid NOT NULL,
    "AccountType" integer NOT NULL,
    "AccountId" uuid NOT NULL,
    "Currency" integer NOT NULL,
    "ExpectedBalance" numeric(18,2) NOT NULL,
    "ActualBalance" numeric(18,2) NOT NULL,
    "Variance" numeric(18,2) NOT NULL,
    "Status" integer NOT NULL,
    "Notes" text,
    "ReconciledAt" timestamp without time zone,
    "ReconciledByUserId" uuid,
    "CreatedAt" timestamp without time zone NOT NULL,
    "UpdatedAt" timestamp without time zone NOT NULL,
    "IsDeleted" boolean NOT NULL,
    CONSTRAINT "PK_Reconciliations" PRIMARY KEY ("Id")
);
2026-05-19 16:22:08.938 +03:00 [INF] Microsoft.EntityFrameworkCore.Database.Command: Executed DbCommand (12ms) [Parameters=[], CommandType='"Text"', CommandTimeout='30']
CREATE TABLE "SecurityAlerts" (
    "Id" uuid NOT NULL,
    "AlertType" integer NOT NULL,
    "Severity" character varying(20) NOT NULL,
    "Message" character varying(1000) NOT NULL,
    "CompanyId" uuid,
    "UserId" uuid,
    "IpAddress" text,
    "Details" text,
    "IsResolved" boolean NOT NULL,
    "ResolvedAt" timestamp without time zone,
    "ResolvedByUserId" uuid,
    "ResolutionNotes" text,
    "CreatedAt" timestamp without time zone NOT NULL,
    "UpdatedAt" timestamp without time zone NOT NULL,
    "IsDeleted" boolean NOT NULL,
    CONSTRAINT "PK_SecurityAlerts" PRIMARY KEY ("Id")
);
2026-05-19 16:22:08.955 +03:00 [INF] Microsoft.EntityFrameworkCore.Database.Command: Executed DbCommand (15ms) [Parameters=[], CommandType='"Text"', CommandTimeout='30']
CREATE TABLE "SubscriptionPayments" (
    "Id" uuid NOT NULL,
    "CompanyId" uuid NOT NULL,
    "Amount" numeric(18,2) NOT NULL,
    "Currency" character varying(10) NOT NULL,
    "PaymentMethod" character varying(50) NOT NULL,
    "Status" character varying(20) NOT NULL,
    "Reference" text,
    "MpesaReceiptNumber" text,
    "PaidAt" timestamp without time zone,
    "PeriodStart" timestamp without time zone NOT NULL,
    "PeriodEnd" timestamp without time zone NOT NULL,
    "Notes" text,
    "CreatedAt" timestamp without time zone NOT NULL,
    "UpdatedAt" timestamp without time zone NOT NULL,
    "IsDeleted" boolean NOT NULL,
    CONSTRAINT "PK_SubscriptionPayments" PRIMARY KEY ("Id")
);
2026-05-19 16:22:08.971 +03:00 [INF] Microsoft.EntityFrameworkCore.Database.Command: Executed DbCommand (15ms) [Parameters=[], CommandType='"Text"', CommandTimeout='30']
CREATE TABLE "SystemLogs" (
    "Id" uuid NOT NULL,
    "Level" text NOT NULL,
    "Source" text NOT NULL,
    "Message" text NOT NULL,
    "StackTrace" text,
    "CompanyId" uuid,
    "UserId" uuid,
    "IpAddress" text,
    "RequestPath" text,
    "RequestMethod" text,
    "CreatedAt" timestamp without time zone NOT NULL,
    "UpdatedAt" timestamp without time zone NOT NULL,
    "IsDeleted" boolean NOT NULL,
    CONSTRAINT "PK_SystemLogs" PRIMARY KEY ("Id")
);
2026-05-19 16:22:08.989 +03:00 [INF] Microsoft.EntityFrameworkCore.Database.Command: Executed DbCommand (16ms) [Parameters=[], CommandType='"Text"', CommandTimeout='30']
CREATE TABLE "Transactions" (
    "Id" uuid NOT NULL,
    "Code" character varying(30) NOT NULL,
    "CompanyId" uuid NOT NULL,
    "Reference" character varying(50) NOT NULL,
    "TransactionDate" timestamp without time zone NOT NULL,
    "TransactionType" integer NOT NULL,
    "Amount" numeric(18,2) NOT NULL,
    "Currency" integer NOT NULL,
    "CounterAmount" numeric(18,2),
    "CounterCurrency" integer,
    "Description" character varying(500) NOT NULL,
    "Notes" text,
    "ExchangeRate" numeric(18,6),
    "SourceAccountType" integer NOT NULL,
    "SourceAccountId" uuid NOT NULL,
    "SourceBalanceBefore" numeric(18,2) NOT NULL,
    "SourceBalanceAfter" numeric(18,2) NOT NULL,
    "DestAccountType" integer NOT NULL,
    "DestAccountId" uuid NOT NULL,
    "DestBalanceBefore" numeric(18,2) NOT NULL,
    "DestBalanceAfter" numeric(18,2) NOT NULL,
    "ReconciliationStatus" integer NOT NULL,
    "ActualAmount" numeric(18,2),
    "Variance" numeric(18,2),
    "ReconciledAt" timestamp without time zone,
    "ReconciledByUserId" uuid,
    "ReconciliationNotes" text,
    "CreatedByUserId" uuid NOT NULL,
    "DeletedByUserId" uuid,
    "DeletedAt" timestamp without time zone,
    "DeleteReason" text,
    "CreatedAt" timestamp without time zone NOT NULL,
    "UpdatedAt" timestamp without time zone NOT NULL,
    "IsDeleted" boolean NOT NULL,
    CONSTRAINT "PK_Transactions" PRIMARY KEY ("Id")
);
2026-05-19 16:22:09.008 +03:00 [INF] Microsoft.EntityFrameworkCore.Database.Command: Executed DbCommand (16ms) [Parameters=[], CommandType='"Text"', CommandTimeout='30']
CREATE TABLE "TrustedDevices" (
    "Id" uuid NOT NULL,
    "UserId" uuid NOT NULL,
    "DeviceId" text NOT NULL,
    "Platform" text NOT NULL,
    "DeviceName" text,
    "LastUsedAt" timestamp without time zone NOT NULL,
    "TrustedUntil" timestamp without time zone NOT NULL,
    "CreatedAt" timestamp without time zone NOT NULL,
    "UpdatedAt" timestamp without time zone NOT NULL,
    "IsDeleted" boolean NOT NULL,
    CONSTRAINT "PK_TrustedDevices" PRIMARY KEY ("Id")
);
2026-05-19 16:22:09.027 +03:00 [INF] Microsoft.EntityFrameworkCore.Database.Command: Executed DbCommand (17ms) [Parameters=[], CommandType='"Text"', CommandTimeout='30']
CREATE TABLE "Users" (
    "Id" uuid NOT NULL,
    "Code" character varying(20) NOT NULL,
    "CompanyId" uuid,
    "FullName" character varying(255) NOT NULL,
    "WhatsAppNumber" character varying(50) NOT NULL,
    "Email" text,
    "IdPassport" text,
    "Role" integer NOT NULL,
    "ClientType" integer,
    "PasswordHash" text,
    "IsActive" boolean NOT NULL,
    "BalanceKES" numeric(18,2) NOT NULL,
    "BalanceUSD" numeric(18,2) NOT NULL,
    "OpeningBalanceKES" numeric(18,2) NOT NULL,
    "OpeningBalanceUSD" numeric(18,2) NOT NULL,
    "FailedLoginAttempts" integer NOT NULL,
    "LockedUntil" timestamp without time zone,
    "LastLoginAt" timestamp without time zone,
    "CreatedAt" timestamp without time zone NOT NULL,
    "UpdatedAt" timestamp without time zone NOT NULL,
    "IsDeleted" boolean NOT NULL,
    CONSTRAINT "PK_Users" PRIMARY KEY ("Id")
);
2026-05-19 16:22:09.045 +03:00 [INF] Microsoft.EntityFrameworkCore.Database.Command: Executed DbCommand (16ms) [Parameters=[], CommandType='"Text"', CommandTimeout='30']
CREATE TABLE "UserSessions" (
    "Id" uuid NOT NULL,
    "CompanyId" uuid,
    "UserId" uuid,
    "UserRole" integer NOT NULL,
    "RefreshToken" text NOT NULL,
    "RefreshTokenHash" character varying(100) NOT NULL,
    "ExpiresAt" timestamp without time zone NOT NULL,
    "IpAddress" text NOT NULL,
    "UserAgent" text,
    "DeviceInfo" text,
    "IsRevoked" boolean NOT NULL,
    "CreatedAt" timestamp without time zone NOT NULL,
    "UpdatedAt" timestamp without time zone NOT NULL,
    "IsDeleted" boolean NOT NULL,
    CONSTRAINT "PK_UserSessions" PRIMARY KEY ("Id")
);
2026-05-19 16:22:09.056 +03:00 [INF] Microsoft.EntityFrameworkCore.Database.Command: Executed DbCommand (9ms) [Parameters=[], CommandType='"Text"', CommandTimeout='30']
CREATE UNIQUE INDEX "IX_BankAccounts_CompanyId_Code" ON "BankAccounts" ("CompanyId", "Code");
2026-05-19 16:22:09.065 +03:00 [INF] Microsoft.EntityFrameworkCore.Database.Command: Executed DbCommand (7ms) [Parameters=[], CommandType='"Text"', CommandTimeout='30']
CREATE INDEX "IX_BlockedIPs_IpAddress" ON "BlockedIPs" ("IpAddress");
2026-05-19 16:22:09.073 +03:00 [INF] Microsoft.EntityFrameworkCore.Database.Command: Executed DbCommand (6ms) [Parameters=[], CommandType='"Text"', CommandTimeout='30']
CREATE INDEX "IX_CashAccounts_CompanyId_Currency" ON "CashAccounts" ("CompanyId", "Currency");
2026-05-19 16:22:09.082 +03:00 [INF] Microsoft.EntityFrameworkCore.Database.Command: Executed DbCommand (6ms) [Parameters=[], CommandType='"Text"', CommandTimeout='30']
CREATE INDEX "IX_ClientAlerts_ClientId_CompanyId_IsDeleted" ON "ClientAlerts" ("ClientId", "CompanyId", "IsDeleted");
2026-05-19 16:22:09.089 +03:00 [INF] Microsoft.EntityFrameworkCore.Database.Command: Executed DbCommand (5ms) [Parameters=[], CommandType='"Text"', CommandTimeout='30']
CREATE INDEX "IX_ClientAlerts_ClientId_IsRead" ON "ClientAlerts" ("ClientId", "IsRead");
2026-05-19 16:22:09.098 +03:00 [INF] Microsoft.EntityFrameworkCore.Database.Command: Executed DbCommand (7ms) [Parameters=[], CommandType='"Text"', CommandTimeout='30']
CREATE UNIQUE INDEX "IX_Companies_Code" ON "Companies" ("Code");
2026-05-19 16:22:09.108 +03:00 [INF] Microsoft.EntityFrameworkCore.Database.Command: Executed DbCommand (8ms) [Parameters=[], CommandType='"Text"', CommandTimeout='30']
CREATE UNIQUE INDEX "IX_Companies_WhatsAppNumber" ON "Companies" ("WhatsAppNumber");
2026-05-19 16:22:09.117 +03:00 [INF] Microsoft.EntityFrameworkCore.Database.Command: Executed DbCommand (7ms) [Parameters=[], CommandType='"Text"', CommandTimeout='30']
CREATE UNIQUE INDEX "IX_DailyExchangeSummaries_CompanyId_Date" ON "DailyExchangeSummaries" ("CompanyId", "Date");
2026-05-19 16:22:09.128 +03:00 [INF] Microsoft.EntityFrameworkCore.Database.Command: Executed DbCommand (9ms) [Parameters=[], CommandType='"Text"', CommandTimeout='30']
CREATE UNIQUE INDEX "IX_ExchangeFloats_CompanyId" ON "ExchangeFloats" ("CompanyId");
2026-05-19 16:22:09.136 +03:00 [INF] Microsoft.EntityFrameworkCore.Database.Command: Executed DbCommand (7ms) [Parameters=[], CommandType='"Text"', CommandTimeout='30']
CREATE INDEX "IX_ExchangeRates_CompanyId_IsActive" ON "ExchangeRates" ("CompanyId", "IsActive");
2026-05-19 16:22:09.146 +03:00 [INF] Microsoft.EntityFrameworkCore.Database.Command: Executed DbCommand (7ms) [Parameters=[], CommandType='"Text"', CommandTimeout='30']
CREATE INDEX "IX_ExchangeTransactions_ClientId" ON "ExchangeTransactions" ("ClientId");
2026-05-19 16:22:09.155 +03:00 [INF] Microsoft.EntityFrameworkCore.Database.Command: Executed DbCommand (7ms) [Parameters=[], CommandType='"Text"', CommandTimeout='30']
CREATE UNIQUE INDEX "IX_ExchangeTransactions_CompanyId_Code" ON "ExchangeTransactions" ("CompanyId", "Code");
2026-05-19 16:22:09.163 +03:00 [INF] Microsoft.EntityFrameworkCore.Database.Command: Executed DbCommand (6ms) [Parameters=[], CommandType='"Text"', CommandTimeout='30']
CREATE INDEX "IX_ExchangeTransactions_CompanyId_TransactionDate" ON "ExchangeTransactions" ("CompanyId", "TransactionDate");
2026-05-19 16:22:09.172 +03:00 [INF] Microsoft.EntityFrameworkCore.Database.Command: Executed DbCommand (6ms) [Parameters=[], CommandType='"Text"', CommandTimeout='30']
CREATE INDEX "IX_ExpenseCategories_CompanyId" ON "ExpenseCategories" ("CompanyId");
2026-05-19 16:22:09.181 +03:00 [INF] Microsoft.EntityFrameworkCore.Database.Command: Executed DbCommand (7ms) [Parameters=[], CommandType='"Text"', CommandTimeout='30']
CREATE INDEX "IX_Expenses_CategoryId" ON "Expenses" ("CategoryId");
2026-05-19 16:22:09.189 +03:00 [INF] Microsoft.EntityFrameworkCore.Database.Command: Executed DbCommand (6ms) [Parameters=[], CommandType='"Text"', CommandTimeout='30']
CREATE UNIQUE INDEX "IX_Expenses_CompanyId_Code" ON "Expenses" ("CompanyId", "Code");
2026-05-19 16:22:09.198 +03:00 [INF] Microsoft.EntityFrameworkCore.Database.Command: Executed DbCommand (7ms) [Parameters=[], CommandType='"Text"', CommandTimeout='30']
CREATE INDEX "IX_FloatMovements_CompanyId_MovementDate" ON "FloatMovements" ("CompanyId", "MovementDate");
2026-05-19 16:22:09.206 +03:00 [INF] Microsoft.EntityFrameworkCore.Database.Command: Executed DbCommand (6ms) [Parameters=[], CommandType='"Text"', CommandTimeout='30']
CREATE INDEX "IX_InvoiceItems_InvoiceId" ON "InvoiceItems" ("InvoiceId");
2026-05-19 16:22:09.215 +03:00 [INF] Microsoft.EntityFrameworkCore.Database.Command: Executed DbCommand (6ms) [Parameters=[], CommandType='"Text"', CommandTimeout='30']
CREATE UNIQUE INDEX "IX_Invoices_CompanyId_InvoiceNumber" ON "Invoices" ("CompanyId", "InvoiceNumber");
2026-05-19 16:22:09.224 +03:00 [INF] Microsoft.EntityFrameworkCore.Database.Command: Executed DbCommand (7ms) [Parameters=[], CommandType='"Text"', CommandTimeout='30']
CREATE UNIQUE INDEX "IX_MpesaAgents_CompanyId_Code" ON "MpesaAgents" ("CompanyId", "Code");
2026-05-19 16:22:09.233 +03:00 [INF] Microsoft.EntityFrameworkCore.Database.Command: Executed DbCommand (7ms) [Parameters=[], CommandType='"Text"', CommandTimeout='30']
CREATE INDEX "IX_OtpCodes_PhoneNumber_IsUsed_ExpiresAt" ON "OtpCodes" ("PhoneNumber", "IsUsed", "ExpiresAt");
2026-05-19 16:22:09.241 +03:00 [INF] Microsoft.EntityFrameworkCore.Database.Command: Executed DbCommand (6ms) [Parameters=[], CommandType='"Text"', CommandTimeout='30']
CREATE INDEX "IX_Reconciliations_CompanyId" ON "Reconciliations" ("CompanyId");
2026-05-19 16:22:09.249 +03:00 [INF] Microsoft.EntityFrameworkCore.Database.Command: Executed DbCommand (6ms) [Parameters=[], CommandType='"Text"', CommandTimeout='30']
CREATE INDEX "IX_SecurityAlerts_IsResolved_CreatedAt" ON "SecurityAlerts" ("IsResolved", "CreatedAt");
2026-05-19 16:22:09.258 +03:00 [INF] Microsoft.EntityFrameworkCore.Database.Command: Executed DbCommand (7ms) [Parameters=[], CommandType='"Text"', CommandTimeout='30']
CREATE INDEX "IX_SubscriptionPayments_CompanyId" ON "SubscriptionPayments" ("CompanyId");
2026-05-19 16:22:09.267 +03:00 [INF] Microsoft.EntityFrameworkCore.Database.Command: Executed DbCommand (7ms) [Parameters=[], CommandType='"Text"', CommandTimeout='30']
CREATE INDEX "IX_SystemLogs_Level_CreatedAt" ON "SystemLogs" ("Level", "CreatedAt");
2026-05-19 16:22:09.276 +03:00 [INF] Microsoft.EntityFrameworkCore.Database.Command: Executed DbCommand (7ms) [Parameters=[], CommandType='"Text"', CommandTimeout='30']
CREATE UNIQUE INDEX "IX_Transactions_CompanyId_Code" ON "Transactions" ("CompanyId", "Code");
2026-05-19 16:22:09.289 +03:00 [INF] Microsoft.EntityFrameworkCore.Database.Command: Executed DbCommand (11ms) [Parameters=[], CommandType='"Text"', CommandTimeout='30']
CREATE INDEX "IX_Transactions_CompanyId_TransactionDate" ON "Transactions" ("CompanyId", "TransactionDate");
2026-05-19 16:22:09.297 +03:00 [INF] Microsoft.EntityFrameworkCore.Database.Command: Executed DbCommand (6ms) [Parameters=[], CommandType='"Text"', CommandTimeout='30']
CREATE INDEX "IX_Transactions_DestAccountId" ON "Transactions" ("DestAccountId");
2026-05-19 16:22:09.306 +03:00 [INF] Microsoft.EntityFrameworkCore.Database.Command: Executed DbCommand (7ms) [Parameters=[], CommandType='"Text"', CommandTimeout='30']
CREATE INDEX "IX_Transactions_ReconciliationStatus" ON "Transactions" ("ReconciliationStatus");
2026-05-19 16:22:09.314 +03:00 [INF] Microsoft.EntityFrameworkCore.Database.Command: Executed DbCommand (6ms) [Parameters=[], CommandType='"Text"', CommandTimeout='30']
CREATE INDEX "IX_Transactions_SourceAccountId" ON "Transactions" ("SourceAccountId");
2026-05-19 16:22:09.324 +03:00 [INF] Microsoft.EntityFrameworkCore.Database.Command: Executed DbCommand (8ms) [Parameters=[], CommandType='"Text"', CommandTimeout='30']
CREATE UNIQUE INDEX "IX_Users_CompanyId_Code" ON "Users" ("CompanyId", "Code");
2026-05-19 16:22:09.332 +03:00 [INF] Microsoft.EntityFrameworkCore.Database.Command: Executed DbCommand (6ms) [Parameters=[], CommandType='"Text"', CommandTimeout='30']
CREATE INDEX "IX_Users_CompanyId_Role" ON "Users" ("CompanyId", "Role");
2026-05-19 16:22:09.344 +03:00 [INF] Microsoft.EntityFrameworkCore.Database.Command: Executed DbCommand (10ms) [Parameters=[], CommandType='"Text"', CommandTimeout='30']
CREATE INDEX "IX_UserSessions_RefreshTokenHash" ON "UserSessions" ("RefreshTokenHash");
2026-05-19 16:22:09.354 +03:00 [INF] Microsoft.EntityFrameworkCore.Database.Command: Executed DbCommand (7ms) [Parameters=[], CommandType='"Text"', CommandTimeout='30']
CREATE INDEX "IX_UserSessions_UserId_IsRevoked" ON "UserSessions" ("UserId", "IsRevoked");
2026-05-19 16:22:09.359 +03:00 [INF] Microsoft.EntityFrameworkCore.Database.Command: Executed DbCommand (3ms) [Parameters=[], CommandType='"Text"', CommandTimeout='30']
INSERT INTO "__EFMigrationsHistory" ("MigrationId", "ProductVersion")
VALUES ('20260519131632_AddTrustedDevices', '8.0.0');
